0 verbose cli /usr/local/bin/node /usr/local/bin/npm
1 info using npm@10.9.2
2 info using node@v22.16.0
3 silly config load:file:/usr/local/lib/node_modules/npm/npmrc
4 silly config load:file:/Users/shibamchatterjee/.npmrc
5 silly config load:file:/usr/local/etc/npmrc
6 verbose title npm run dev
7 verbose argv "run" "dev"
8 verbose logfile logs-max:10 dir:/Users/shibamchatterjee/PingMe/.npm-cache/_logs/2026-08-29T15_27_03_364Z-
9 verbose logfile /Users/shibamchatterjee/PingMe/.npm-cache/_logs/2026-08-29T15_27_03_364Z-debug-0.log
10 silly logfile done cleaning log files
11 verbose stack Error: Missing script: "dev"
11 verbose stack
11 verbose stack To see a list of scripts, run:
11 verbose stack   npm run
11 verbose stack     at #run (/usr/local/lib/node_modules/npm/lib/commands/run-script.js:111:13)
11 verbose stack     at async RunScript.exec (/usr/local/lib/node_modules/npm/lib/commands/run-script.js:40:7)
11 verbose stack     at async Npm.exec (/usr/local/lib/node_modules/npm/lib/npm.js:207:9)
11 verbose stack     at async module.exports (/usr/local/lib/node_modules/npm/lib/cli/entry.js:74:5)
12 error Missing script: "dev"
12 error
12 error To see a list of scripts, run:
12 error   npm run
13 verbose cwd /Users/shibamchatterjee/PingMe
14 verbose os Darwin 25.5.0
15 verbose node v22.16.0
16 verbose npm  v10.9.2
17 verbose exit 1
18 verbose code 1
19 error A complete log of this run can be found in: /Users/shibamchatterjee/PingMe/.npm-cache/_logs/2026-08-29T15_27_03_364Z-debug-0.log
