0 verbose cli /opt/homebrew/Cellar/node/26.8.1/bin/node /opt/homebrew/bin/npm
1 info using npm@11.19.0
2 info using node@v26.8.1
3 silly config load:file:/opt/homebrew/lib/node_modules/npm/npmrc
4 silly config load:file:/Users/shibamchatterjee/.npmrc
5 silly config load:file:/opt/homebrew/etc/npmrc
6 verbose title npm run dev
7 verbose argv "run" "dev"
8 verbose logfile logs-max:10 dir:/Users/shibamchatterjee/PingMe/.npm-cache/_logs/2026-09-06T17_43_15_692Z-
9 verbose logfile /Users/shibamchatterjee/PingMe/.npm-cache/_logs/2026-09-06T17_43_15_692Z-debug-0.log
10 silly logfile start cleaning logs, removing 11 files
11 verbose stack Error: Missing script: "dev"
11 verbose stack
11 verbose stack To see a list of scripts, run:
11 verbose stack   npm run
11 verbose stack     at #run (/opt/homebrew/lib/node_modules/npm/lib/commands/run.js:115:13)
11 verbose stack     at async RunScript.exec (/opt/homebrew/lib/node_modules/npm/lib/commands/run.js:44:7)
11 verbose stack     at async Npm.exec (/opt/homebrew/lib/node_modules/npm/lib/npm.js:193:9)
11 verbose stack     at async module.exports (/opt/homebrew/lib/node_modules/npm/lib/cli/entry.js:67:5)
12 error Missing script: "dev"
12 error
12 error To see a list of scripts, run:
12 error   npm run
13 verbose cwd /Users/shibamchatterjee/PingMe
14 verbose os Darwin 25.5.0
15 verbose node v26.8.1
16 verbose npm  v11.19.0
17 verbose exit 1
18 verbose code 1
19 error A complete log of this run can be found in: /Users/shibamchatterjee/PingMe/.npm-cache/_logs/2026-09-06T17_43_15_692Z-debug-0.log
